// Jest Snapshot v1, https://goo.gl/fbAQLP

exports[`<CapRadio /> CapRadio renders correctly 1`] = `
<label
  className="cap-radio-v2 ant-radio-wrapper"
>
  <span
    className="ant-radio"
    style={Object {}}
  >
    <input
      checked={false}
      className="ant-radio-input"
      onBlur={[Function]}
      onChange={[Function]}
      onFocus={[Function]}
      type="radio"
    />
    <span
      className="ant-radio-inner"
    />
  </span>
</label>
`;
