// Jest Snapshot v1, https://goo.gl/fbAQLP

exports[`<CapSlider /> renders correctly 1`] = `
<div
  className="cap-slide-box-v2 show-slidebox"
>
  <div
    className="cap-slide-box-v2-container size-r"
  >
    <div
      className="slidebox-header"
    >
      <div
        className="sc-bdVaJa cqhfaE"
        type="h1"
      >
        Slide Box Example
      </div>
      <img
        alt=""
        className="cap-slide-box-v2-close-icon"
        onClick={[MockFunction]}
        src="close.svg"
      />
    </div>
    <div
      className="slidebox-content-container"
      onScroll={[Function]}
    >
      <div>
        <div />
      </div>
    </div>
  </div>
</div>
`;
