// Jest Snapshot v1, https://goo.gl/fbAQLP

exports[`<CapProgress /> CapProgress renders correctly 1`] = `
<div
  className="ant-progress ant-progress-line ant-progress-status-normal ant-progress-show-info ant-progress-default cap-progress-v2"
>
  <div>
    <div
      className="ant-progress-outer"
    >
      <div
        className="ant-progress-inner"
      >
        <div
          className="ant-progress-bg"
          style={
            Object {
              "background": undefined,
              "borderRadius": "100px",
              "height": 8,
              "width": "0%",
            }
          }
        />
      </div>
    </div>
    <span
      className="ant-progress-text"
      title="0%"
    >
      0%
    </span>
  </div>
</div>
`;
