// Jest Snapshot v1, https://goo.gl/fbAQLP

exports[`<CapCollapsibleNavbar /> CapCollapsibleNavbar renders correctly 1`] = `
<div
  className="cap-collapsible-nav collapsed hovered"
  id="cap-collapsible-navbar"
  onMouseLeave={[Function]}
  onMouseOver={[Function]}
  style={
    Object {
      "height": "100%",
    }
  }
>
  <div
    className="ant-row cap-row-v2 controls"
    onMouseLeave={[Function]}
    onMouseOver={[Function]}
    span={24}
  >
    <div
      className="ant-col ant-col-24 cap-column-v2 icon-column"
    >
      <div
        className="switcher"
        onClick={[Function]}
        onMouseEnter={[Function]}
        onMouseLeave={[Function]}
        onMouseOver={[Function]}
      >
        <img
          className="CapCollapsibleNavbar__ChevronLeftIcon-sc-1gvfsi0-0 gpnot"
          src="IMAGE_MOCK"
        />
      </div>
    </div>
    <div
      className="ant-col ant-col-21 cap-column-v2 menu-item collapsed"
    />
  </div>
  <div
    className="ant-row cap-row-v2 create-new"
    span={24}
  >
    <div
      className="ant-col ant-col-24 cap-column-v2 icon-column"
    >
      <div
        className="icon-container"
      >
        <img
          className="CapCollapsibleNavbar__LeftNavAddIcon-sc-1gvfsi0-1 etFsIi"
          src="IMAGE_MOCK"
        />
      </div>
    </div>
    <div
      className="ant-col ant-col-21 cap-column-v2 menu-item collapsed"
    >
      <button
        className="ant-btn cap-button-v2 secondary-btn ant-btn-secondary"
        onClick={[Function]}
        onMouseEnter={[Function]}
        onMouseLeave={[Function]}
        type="button"
      >
        <img
          className="CapCollapsibleNavbar__LeftNavAddIcon-sc-1gvfsi0-1 etFsIi"
          src="IMAGE_MOCK"
        />
        <span>
          Create New
        </span>
      </button>
    </div>
  </div>
  <div
    className="ant-row cap-row-v2"
    span={24}
  >
    <div
      className="ant-col ant-col-24 cap-column-v2 icon-column"
      style={
        Object {
          "height": "calc(100vh - 90px)",
          "maxHeight": "calc(100vh - 90px)",
        }
      }
    >
      <div
        className="icon-container state-selected"
      >
        <img
          alt="user-segment-black"
          className="CapCollapsibleNavbar__GenericNavIcon-sc-1gvfsi0-2 gXTk"
          src="IMAGE_MOCK"
          style={
            Object {
              "height": "20px",
              "width": "20px",
            }
          }
        />
      </div>
      <div
        className="line"
      />
    </div>
    <div
      className="ant-col ant-col-21 cap-column-v2 menu-item collapsed"
    >
      <div
        className="ant-collapse ant-collapse-borderless ant-collapse-icon-position-right data-level-0 state-selected"
        role="tablist"
      >
        <div
          className="ant-collapse-item ant-collapse-item-active"
        >
          <div
            aria-expanded="true"
            className="ant-collapse-header"
            onClick={[Function]}
            onKeyPress={[Function]}
            role="tab"
            tabIndex={0}
          >
            <img
              className="ant-collapse-arrow CapCollapsibleNavbar__ChevronLeftIcon-sc-1gvfsi0-0 gpnot"
              src="IMAGE_MOCK"
              style={
                Object {
                  "marginTop": "-12px",
                  "transform": "rotate(180deg)",
                }
              }
            />
            <div
              onMouseOut={[Function]}
              onMouseOver={[Function]}
            >
              User segments
            </div>
          </div>
          <div
            className="ant-collapse-content ant-collapse-content-active"
            role="tabpanel"
          >
            <div
              className="ant-collapse-content-box"
            >
              <div
                onMouseOut={[Function]}
                onMouseOver={[Function]}
                style={
                  Object {
                    "height": "calc(100vh - 140px)",
                    "maxHeight": "calc(100vh - 140px)",
                    "overflowY": "scroll",
                  }
                }
              >
                <div
                  className="ant-collapse ant-collapse-borderless ant-collapse-icon-position-right data-level-1 "
                  role="tablist"
                >
                  <div
                    className="ant-collapse-item"
                  >
                    <div
                      aria-expanded="false"
                      className="ant-collapse-header"
                      onClick={[Function]}
                      onKeyPress={[Function]}
                      role="tab"
                      tabIndex={0}
                    >
                      <img
                        className="ant-collapse-arrow CapCollapsibleNavbar__ChevronLeftIcon-sc-1gvfsi0-0 gpnot"
                        src="IMAGE_MOCK"
                        style={Object {}}
                      />
                      <div
                        onMouseOut={[Function]}
                        onMouseOver={[Function]}
                      >
                        Status
                      </div>
                    </div>
                  </div>
                </div>
              </div>
            </div>
          </div>
        </div>
      </div>
      <div
        className="line"
      />
    </div>
  </div>
</div>
`;
