// Jest Snapshot v1, https://goo.gl/fbAQLP

exports[`<CapSwitch /> CapSwitch renders correctly 1`] = `
<div
  className="component-with-label sc-htpNat irLuXI"
>
  <div
    className="sc-bxivhb kcMjfG"
  >
    <button
      aria-checked={false}
      className="cap-switch-v2 ant-switch"
      defaultChecked={false}
      onClick={[Function]}
      onKeyDown={[Function]}
      onMouseUp={[Function]}
      role="switch"
      type="button"
    >
      <span
        className="ant-switch-inner"
      />
    </button>
  </div>
</div>
`;
