// Jest Snapshot v1, https://goo.gl/fbAQLP

exports[`<CapSwitch /> CapSwitch renders correctly 1`] = `
<button
  aria-checked={false}
  className="cap-switch ant-switch"
  defaultChecked={false}
  onClick={[Function]}
  onKeyDown={[Function]}
  onMouseUp={[Function]}
  role="switch"
  type="button"
>
  <span
    className="ant-switch-inner"
  />
</button>
`;
