// Jest Snapshot v1, https://goo.gl/fbAQLP

exports[`<CapRadioCard /> CapRadioCard tenders correctly 1`] = `
<div
  className="ant-radio-group ant-radio-group-outline cap-radioCard-v2"
>
  <label
    className="ant-radio-button-wrapper ant-radio-button-wrapper-checked"
  >
    <span
      className="ant-radio-button ant-radio-button-checked"
      style={Object {}}
    >
      <input
        checked={true}
        className="ant-radio-button-input"
        disabled={false}
        onBlur={[Function]}
        onChange={[Function]}
        onFocus={[Function]}
        type="radio"
      />
      <span
        className="ant-radio-button-inner"
      />
    </span>
    <span>
      <i
        className="anticon cap-icon-v2 cap-icon-v2-check-filled radio-card-checked sc-VigVT bAUjew"
      >
        <svg
          aria-hidden="true"
          className=""
          fill="currentColor"
          focusable="false"
          height="1em"
          viewBox="0 0 24 24"
          width="1em"
        >
          <g
            fill="none"
            fillRule="evenodd"
          >
            <path
              d="M0 0h24v24H0z"
            />
            <circle
              cx={12}
              cy={12}
              fill="#42B040"
              r={11}
              stroke="#FFF"
              strokeWidth={2}
            />
            <path
              d="M10.5 13.086l4.293-4.293a1 1 0 0 1 1.414 1.414l-5 5a.997.997 0 0 1-1.414 0l-2-2a1 1 0 0 1 1.414-1.414l1.293 1.293z"
              fill="#FFF"
              fillRule="nonzero"
            />
          </g>
        </svg>
      </i>
      <div
        className="ant-card ant-card-bordered"
      >
        <div
          className="ant-card-body"
          style={Object {}}
        >
          <div>
            <div
              className="radio-card-header"
            >
              <div
                className="sc-bdVaJa kZeOKr"
                type="h4"
              >
                Outbound
              </div>
            </div>
            <div
              className="radio-card-content"
            >
               
              Sending an outbound message is like blasting the message or broadcasting the message to a pre-defined set of users
            </div>
          </div>
        </div>
      </div>
    </span>
  </label>
  <label
    className="ant-radio-button-wrapper ant-radio-button-wrapper-checked"
  >
    <span
      className="ant-radio-button ant-radio-button-checked"
      style={Object {}}
    >
      <input
        checked={true}
        className="ant-radio-button-input"
        disabled={false}
        onBlur={[Function]}
        onChange={[Function]}
        onFocus={[Function]}
        type="radio"
      />
      <span
        className="ant-radio-button-inner"
      />
    </span>
    <span>
      <i
        className="anticon cap-icon-v2 cap-icon-v2-check-filled radio-card-checked sc-VigVT bAUjew"
      >
        <svg
          aria-hidden="true"
          className=""
          fill="currentColor"
          focusable="false"
          height="1em"
          viewBox="0 0 24 24"
          width="1em"
        >
          <g
            fill="none"
            fillRule="evenodd"
          >
            <path
              d="M0 0h24v24H0z"
            />
            <circle
              cx={12}
              cy={12}
              fill="#42B040"
              r={11}
              stroke="#FFF"
              strokeWidth={2}
            />
            <path
              d="M10.5 13.086l4.293-4.293a1 1 0 0 1 1.414 1.414l-5 5a.997.997 0 0 1-1.414 0l-2-2a1 1 0 0 1 1.414-1.414l1.293 1.293z"
              fill="#FFF"
              fillRule="nonzero"
            />
          </g>
        </svg>
      </i>
      <div
        className="ant-card ant-card-bordered"
      >
        <div
          className="ant-card-body"
          style={Object {}}
        >
          <div>
            <div
              className="radio-card-header"
            >
              <div
                className="sc-bdVaJa kZeOKr"
                type="h4"
              >
                Dynamic
              </div>
            </div>
            <div
              className="radio-card-content"
            >
               
              for sending messages to users based on their actions in real time
            </div>
          </div>
        </div>
      </div>
    </span>
  </label>
  <label
    className="ant-radio-button-wrapper ant-radio-button-wrapper-checked"
  >
    <span
      className="ant-radio-button ant-radio-button-checked"
      style={Object {}}
    >
      <input
        checked={true}
        className="ant-radio-button-input"
        disabled={false}
        onBlur={[Function]}
        onChange={[Function]}
        onFocus={[Function]}
        type="radio"
      />
      <span
        className="ant-radio-button-inner"
      />
    </span>
    <span>
      <i
        className="anticon cap-icon-v2 cap-icon-v2-check-filled radio-card-checked sc-VigVT bAUjew"
      >
        <svg
          aria-hidden="true"
          className=""
          fill="currentColor"
          focusable="false"
          height="1em"
          viewBox="0 0 24 24"
          width="1em"
        >
          <g
            fill="none"
            fillRule="evenodd"
          >
            <path
              d="M0 0h24v24H0z"
            />
            <circle
              cx={12}
              cy={12}
              fill="#42B040"
              r={11}
              stroke="#FFF"
              strokeWidth={2}
            />
            <path
              d="M10.5 13.086l4.293-4.293a1 1 0 0 1 1.414 1.414l-5 5a.997.997 0 0 1-1.414 0l-2-2a1 1 0 0 1 1.414-1.414l1.293 1.293z"
              fill="#FFF"
              fillRule="nonzero"
            />
          </g>
        </svg>
      </i>
      <div
        className="ant-card ant-card-bordered"
      >
        <div
          className="ant-card-body"
          style={Object {}}
        >
          <div>
            <div
              className="radio-card-header"
            >
              <div
                className="sc-bdVaJa kZeOKr"
                type="h4"
              >
                Survey
              </div>
            </div>
            <div
              className="radio-card-content"
            >
               
              for taking survey or feedback from the audience
            </div>
          </div>
        </div>
      </div>
    </span>
  </label>
  <label
    className="ant-radio-button-wrapper ant-radio-button-wrapper-checked"
  >
    <span
      className="ant-radio-button ant-radio-button-checked"
      style={Object {}}
    >
      <input
        checked={true}
        className="ant-radio-button-input"
        disabled={false}
        onBlur={[Function]}
        onChange={[Function]}
        onFocus={[Function]}
        type="radio"
      />
      <span
        className="ant-radio-button-inner"
      />
    </span>
    <span>
      <i
        className="anticon cap-icon-v2 cap-icon-v2-check-filled radio-card-checked sc-VigVT bAUjew"
      >
        <svg
          aria-hidden="true"
          className=""
          fill="currentColor"
          focusable="false"
          height="1em"
          viewBox="0 0 24 24"
          width="1em"
        >
          <g
            fill="none"
            fillRule="evenodd"
          >
            <path
              d="M0 0h24v24H0z"
            />
            <circle
              cx={12}
              cy={12}
              fill="#42B040"
              r={11}
              stroke="#FFF"
              strokeWidth={2}
            />
            <path
              d="M10.5 13.086l4.293-4.293a1 1 0 0 1 1.414 1.414l-5 5a.997.997 0 0 1-1.414 0l-2-2a1 1 0 0 1 1.414-1.414l1.293 1.293z"
              fill="#FFF"
              fillRule="nonzero"
            />
          </g>
        </svg>
      </i>
      <div
        className="ant-card ant-card-bordered"
      >
        <div
          className="ant-card-body"
          style={Object {}}
        >
          <div>
            <div
              className="radio-card-header"
            >
              <div
                className="sc-bdVaJa kZeOKr"
                type="h4"
              >
                Referal
              </div>
            </div>
            <div
              className="radio-card-content"
            >
               
              for sending messages to acquire new users through existing customers
            </div>
          </div>
        </div>
      </div>
    </span>
  </label>
</div>
`;
