// Jest Snapshot v1, https://goo.gl/fbAQLP

exports[`<CapRadioCard /> CapRadioCard tenders correctly 1`] = `
<div
  className="ant-radio-group ant-radio-group-outline cap-radioCard-v2"
>
  <label
    className="ant-radio-button-wrapper ant-radio-button-wrapper-checked"
  >
    <span
      className="ant-radio-button ant-radio-button-checked"
      style={Object {}}
    >
      <input
        checked={true}
        className="ant-radio-button-input"
        disabled={false}
        onBlur={[Function]}
        onChange={[Function]}
        onFocus={[Function]}
        type="radio"
      />
      <span
        className="ant-radio-button-inner"
      />
    </span>
    <span>
      <svg
        className="radio-card-checked"
        height={24}
        viewBox="0 0 48 48"
        width={24}
      >
        <path
          d="M44 24c0 11.045-8.955 20-20 20S4 35.045 4 24 12.955 4 24 4s20 8.955 20 20z"
          fill="#4caf50"
        />
        <path
          d="M34.602 14.602L21 28.199l-5.602-5.598-2.797 2.797L21 33.801l16.398-16.402-2.796-2.797z"
          fill="#ccff90"
        />
      </svg>
      <div
        className="ant-card ant-card-bordered"
      >
        <div
          className="ant-card-body"
          style={Object {}}
        >
          <div>
            <div
              className="radio-card-header"
            >
              <div
                className="sc-bdVaJa kuwkmp"
                type="h4"
              >
                Outbound
              </div>
            </div>
            <div
              className="radio-card-content"
            >
               
              Sending an outbound message is like blasting the message or broadcasting the message to a pre-defined set of users
            </div>
          </div>
        </div>
      </div>
    </span>
  </label>
  <label
    className="ant-radio-button-wrapper ant-radio-button-wrapper-checked"
  >
    <span
      className="ant-radio-button ant-radio-button-checked"
      style={Object {}}
    >
      <input
        checked={true}
        className="ant-radio-button-input"
        disabled={false}
        onBlur={[Function]}
        onChange={[Function]}
        onFocus={[Function]}
        type="radio"
      />
      <span
        className="ant-radio-button-inner"
      />
    </span>
    <span>
      <svg
        className="radio-card-checked"
        height={24}
        viewBox="0 0 48 48"
        width={24}
      >
        <path
          d="M44 24c0 11.045-8.955 20-20 20S4 35.045 4 24 12.955 4 24 4s20 8.955 20 20z"
          fill="#4caf50"
        />
        <path
          d="M34.602 14.602L21 28.199l-5.602-5.598-2.797 2.797L21 33.801l16.398-16.402-2.796-2.797z"
          fill="#ccff90"
        />
      </svg>
      <div
        className="ant-card ant-card-bordered"
      >
        <div
          className="ant-card-body"
          style={Object {}}
        >
          <div>
            <div
              className="radio-card-header"
            >
              <div
                className="sc-bdVaJa kuwkmp"
                type="h4"
              >
                Dynamic
              </div>
            </div>
            <div
              className="radio-card-content"
            >
               
              for sending messages to users based on their actions in real time
            </div>
          </div>
        </div>
      </div>
    </span>
  </label>
  <label
    className="ant-radio-button-wrapper ant-radio-button-wrapper-checked"
  >
    <span
      className="ant-radio-button ant-radio-button-checked"
      style={Object {}}
    >
      <input
        checked={true}
        className="ant-radio-button-input"
        disabled={false}
        onBlur={[Function]}
        onChange={[Function]}
        onFocus={[Function]}
        type="radio"
      />
      <span
        className="ant-radio-button-inner"
      />
    </span>
    <span>
      <svg
        className="radio-card-checked"
        height={24}
        viewBox="0 0 48 48"
        width={24}
      >
        <path
          d="M44 24c0 11.045-8.955 20-20 20S4 35.045 4 24 12.955 4 24 4s20 8.955 20 20z"
          fill="#4caf50"
        />
        <path
          d="M34.602 14.602L21 28.199l-5.602-5.598-2.797 2.797L21 33.801l16.398-16.402-2.796-2.797z"
          fill="#ccff90"
        />
      </svg>
      <div
        className="ant-card ant-card-bordered"
      >
        <div
          className="ant-card-body"
          style={Object {}}
        >
          <div>
            <div
              className="radio-card-header"
            >
              <div
                className="sc-bdVaJa kuwkmp"
                type="h4"
              >
                Survey
              </div>
            </div>
            <div
              className="radio-card-content"
            >
               
              for taking survey or feedback from the audience
            </div>
          </div>
        </div>
      </div>
    </span>
  </label>
  <label
    className="ant-radio-button-wrapper ant-radio-button-wrapper-checked"
  >
    <span
      className="ant-radio-button ant-radio-button-checked"
      style={Object {}}
    >
      <input
        checked={true}
        className="ant-radio-button-input"
        disabled={false}
        onBlur={[Function]}
        onChange={[Function]}
        onFocus={[Function]}
        type="radio"
      />
      <span
        className="ant-radio-button-inner"
      />
    </span>
    <span>
      <svg
        className="radio-card-checked"
        height={24}
        viewBox="0 0 48 48"
        width={24}
      >
        <path
          d="M44 24c0 11.045-8.955 20-20 20S4 35.045 4 24 12.955 4 24 4s20 8.955 20 20z"
          fill="#4caf50"
        />
        <path
          d="M34.602 14.602L21 28.199l-5.602-5.598-2.797 2.797L21 33.801l16.398-16.402-2.796-2.797z"
          fill="#ccff90"
        />
      </svg>
      <div
        className="ant-card ant-card-bordered"
      >
        <div
          className="ant-card-body"
          style={Object {}}
        >
          <div>
            <div
              className="radio-card-header"
            >
              <div
                className="sc-bdVaJa kuwkmp"
                type="h4"
              >
                Referal
              </div>
            </div>
            <div
              className="radio-card-content"
            >
               
              for sending messages to acquire new users through existing customers
            </div>
          </div>
        </div>
      </div>
    </span>
  </label>
</div>
`;
